// Jest Snapshot v1, https://goo.gl/fbAQLP

exports[`should render the header correctly 1`] = `
<div>
  This page does not exist; 404 - 
  <Link
    to="/"
  >
    Go home
  </Link>
</div>
`;
